2026-03-25 23:09:19 - Command: python3 /var/www/html/smart-store/public/assets/python/read_serial.py 2>&1
Output: '{"Frig1":{"temperature":18.90,"humidity":52.20},"Frig2":{"temperature":nan,"humidity":nan}}
'
Output is empty: NO
Output length: 92
2026-03-25 23:09:25 - Command: python3 /var/www/html/smart-store/public/assets/python/read_serial.py 2>&1
Output: '{"Frig1":{"temperature":18.90,"humidity":52.20},"Frig2":{"temperature":nan,"humidity":nan}}
'
Output is empty: NO
Output length: 92
2026-03-25 23:10:57 - Command: python3 /var/www/html/smart-store/public/assets/python/read_serial.py 2>&1
Output: '{"Frig1":{"temperature":18.90,"humidity":52.20},"Frig2":{"temperature":null,"humidity":null}}
'
Output is empty: NO
Output length: 94
2026-03-25 23:11:02 - Command: python3 /var/www/html/smart-store/public/assets/python/read_serial.py 2>&1
Output: '{"Frig1":{"temperature":18.90,"humidity":52.20},"Frig2":{"temperature":null,"humidity":null}}
'
Output is empty: NO
Output length: 94
2026-03-25 23:12:49 - Command: python3 /var/www/html/smart-store/public/assets/python/read_serial.py 2>&1
Output: '{"Frig1":{"temperature":18.90,"humidity":52.10},"Frig2":{"temperature":null,"humidity":null}}
'
Output is empty: NO
Output length: 94
2026-03-25 23:12:54 - Command: python3 /var/www/html/smart-store/public/assets/python/read_serial.py 2>&1
Output: '{"Frig1":{"temperature":18.90,"humidity":52.10},"Frig2":{"temperature":null,"humidity":null}}
'
Output is empty: NO
Output length: 94
2026-03-25 23:28:41 - Command: python3 /var/www/html/smart-store/public/assets/python/read_serial.py 2>&1
Output: '{"Frig1":{"temperature":18.90,"humidity":52.10},"Frig2":{"temperature":null,"humidity":null}}
'
Output is empty: NO
Output length: 94
2026-03-25 23:29:02 - Command: python3 /var/www/html/smart-store/public/assets/python/read_serial.py 2>&1
Output: '{"Frig1":{"temperature":18.90,"humidity":52.10},"Frig2":{"temperature":null,"humidity":null}}
'
Output is empty: NO
Output length: 94
2026-03-25 23:29:58 - Command: python3 /var/www/html/smart-store/public/assets/python/read_serial.py 2>&1
Output: '{"Frig1":{"temperature":18.90,"humidity":52.10},"Frig2":{"temperature":null,"humidity":null}}
'
Output is empty: NO
Output length: 94
2026-03-25 23:30:09 - Command: python3 /var/www/html/smart-store/public/assets/python/read_serial.py 2>&1
Output: '{"Frig1":{"temperature":18.90,"humidity":52.10},"Frig2":{"temperature":null,"humidity":null}}
'
Output is empty: NO
Output length: 94
2026-03-25 23:30:24 - Command: python3 /var/www/html/smart-store/public/assets/python/read_serial.py 2>&1
Output: '{"Frig1":{"temperature":18.90,"humidity":52.10},"Frig2":{"temperature":null,"humidity":null}}
'
Output is empty: NO
Output length: 94
2026-03-25 23:32:11 - Command: python3 /var/www/html/smart-store/public/assets/python/read_serial.py 2>&1
Output: '{"Frig1":{"temperature":19.20,"humidity":51.80},"Frig2":{"temperature":null,"humidity":null}}
'
Output is empty: NO
Output length: 94
2026-03-25 23:32:27 - Command: python3 /var/www/html/smart-store/public/assets/python/read_serial.py 2>&1
Output: '{"Frig1":{"temperature":19.10,"humidity":51.80},"Frig2":{"temperature":null,"humidity":null}}
'
Output is empty: NO
Output length: 94
2026-03-25 23:32:57 - Command: python3 /var/www/html/smart-store/public/assets/python/read_serial.py 2>&1
Output: '{"Frig1":{"temperature":19.10,"humidity":52.10},"Frig2":{"temperature":null,"humidity":null}}
'
Output is empty: NO
Output length: 94
2026-03-25 23:33:05 - Command: python3 /var/www/html/smart-store/public/assets/python/read_serial.py 2>&1
Output: '
'
Output is empty: NO
Output length: 1
2026-03-25 23:33:12 - Command: python3 /var/www/html/smart-store/public/assets/python/read_serial.py 2>&1
Output: '
'
Output is empty: NO
Output length: 1
2026-03-25 23:33:33 - Command: python3 /var/www/html/smart-store/public/assets/python/read_serial.py 2>&1
Output: '{"Frig1":{"temperature":19.00,"humidity":52.00},"Frig2":{"temperature":null,"humidity":null}}
'
Output is empty: NO
Output length: 94
2026-03-25 23:34:04 - Command: python3 /var/www/html/smart-store/public/assets/python/read_serial.py 2>&1
Output: '{"Frig1":{"temperature":19.30,"humidity":64.20},"Frig2":{"temperature":null,"humidity":null}}
'
Output is empty: NO
Output length: 94
2026-03-25 23:35:15 - Command: python3 /var/www/html/smart-store/public/assets/python/read_serial.py 2>&1
Output: '{"Frig1":{"temperature":19.30,"humidity":54.20},"Frig2":{"temperature":null,"humidity":null}}
'
Output is empty: NO
Output length: 94
2026-03-25 23:35:20 - Command: python3 /var/www/html/smart-store/public/assets/python/read_serial.py 2>&1
Output: '{"Frig1":{"temperature":19.30,"humidity":54.00},"Frig2":{"temperature":null,"humidity":null}}
'
Output is empty: NO
Output length: 94
2026-03-25 23:35:26 - Command: python3 /var/www/html/smart-store/public/assets/python/read_serial.py 2>&1
Output: '{"Frig1":{"temperature":19.30,"humidity":53.90},"Frig2":{"temperature":null,"humidity":null}}
'
Output is empty: NO
Output length: 94
2026-03-25 23:35:36 - Command: python3 /var/www/html/smart-store/public/assets/python/read_serial.py 2>&1
Output: '{"Frig1":{"temperature":19.20,"humidity":53.80},"Frig2":{"temperature":null,"humidity":null}}
'
Output is empty: NO
Output length: 94
